../Core/Src/main.c:137:6:delay_us	24	static
../Core/Src/main.c:141:6:HAL_ADC_ConvCpltCallback	16	static
../Core/Src/main.c:147:6:ReadSensors	24	static
../Core/Src/main.c:166:5:line_data	32	static
../Core/Src/main.c:184:6:computePID	24	static
../Core/Src/main.c:199:6:setMotorSpeed	24	static
../Core/Src/main.c:224:6:send_telemetry_data_new	24	static
../Core/Src/main.c:242:6:HAL_UARTEx_RxEventCallback	16	static
../Core/Src/main.c:254:6:handle_received_bluetooth_command	72	dynamic
../Core/Src/main.c:315:6:sendok	8	static
../Core/Src/main.c:318:6:sendno	8	static
../Core/Src/main.c:321:6:sendconstants	136	static
../Core/Src/main.c:335:6:sendSensorValues	152	static
../Core/Src/main.c:346:5:main	16	static
../Core/Src/main.c:434:6:SystemClock_Config	88	static
../Core/Src/main.c:480:13:MX_ADC1_Init	56	static
../Core/Src/main.c:549:13:MX_I2C1_Init	8	static
../Core/Src/main.c:583:13:MX_TIM1_Init	96	static
../Core/Src/main.c:670:13:MX_TIM2_Init	32	static
../Core/Src/main.c:715:13:MX_USART1_UART_Init	8	static
../Core/Src/main.c:746:13:MX_DMA_Init	16	static
../Core/Src/main.c:767:13:MX_GPIO_Init	48	static
../Core/Src/main.c:825:6:Error_Handler	4	static,ignoring_inline_asm
