../Core/Src/main.c:119:6:delay_us	24	static
../Core/Src/main.c:123:6:HAL_ADC_ConvCpltCallback	16	static
../Core/Src/main.c:129:6:ReadSensors	24	static
../Core/Src/main.c:159:5:line_data	32	static
../Core/Src/main.c:177:6:computePID	24	static
../Core/Src/main.c:192:6:setMotorSpeed	24	static
../Core/Src/main.c:223:5:main	16	static
../Core/Src/main.c:307:6:SystemClock_Config	88	static
../Core/Src/main.c:353:13:MX_ADC1_Init	56	static
../Core/Src/main.c:422:13:MX_I2C1_Init	8	static
../Core/Src/main.c:456:13:MX_TIM1_Init	96	static
../Core/Src/main.c:543:13:MX_TIM2_Init	32	static
../Core/Src/main.c:588:13:MX_USART1_UART_Init	8	static
../Core/Src/main.c:619:13:MX_DMA_Init	16	static
../Core/Src/main.c:640:13:MX_GPIO_Init	48	static
../Core/Src/main.c:698:6:Error_Handler	4	static,ignoring_inline_asm
