../Core/Src/main.c:161:6:delay_us	24	static
../Core/Src/main.c:165:6:HAL_ADC_ConvCpltCallback	16	static
../Core/Src/main.c:171:6:ReadSensors	32	static
../Core/Src/main.c:214:5:line_data	40	static
../Core/Src/main.c:294:6:computePID	16	static
../Core/Src/main.c:309:6:setMotorSpeed	24	static
../Core/Src/main.c:334:6:storePrevValues	16	static
../Core/Src/main.c:340:6:detectColor	16	static
../Core/Src/main.c:364:6:HAL_UARTEx_RxEventCallback	16	static
../Core/Src/main.c:376:6:send_telemetry_data	24	static
../Core/Src/main.c:407:6:handle_received_command	72	dynamic
../Core/Src/main.c:445:6:handle_received_bluetooth_command	72	dynamic
../Core/Src/main.c:492:6:sendok	8	static
../Core/Src/main.c:495:6:sendno	8	static
../Core/Src/main.c:498:6:sendconstants	136	static
../Core/Src/main.c:518:5:main	32	static
../Core/Src/main.c:646:6:SystemClock_Config	88	static
../Core/Src/main.c:692:13:MX_ADC1_Init	56	static
../Core/Src/main.c:761:13:MX_I2C1_Init	8	static
../Core/Src/main.c:795:13:MX_TIM1_Init	96	static
../Core/Src/main.c:882:13:MX_TIM2_Init	32	static
../Core/Src/main.c:927:13:MX_USART1_UART_Init	8	static
../Core/Src/main.c:958:13:MX_DMA_Init	16	static
../Core/Src/main.c:979:13:MX_GPIO_Init	48	static
../Core/Src/main.c:1037:6:Error_Handler	4	static,ignoring_inline_asm
