../Core/Src/main.c:126:6:delay_us	24	static
../Core/Src/main.c:130:6:HAL_ADC_ConvCpltCallback	16	static
../Core/Src/main.c:136:6:ReadSensors	24	static
../Core/Src/main.c:155:5:line_data	72	static
../Core/Src/main.c:177:6:computePID	24	static
../Core/Src/main.c:192:6:setMotorSpeed	24	static
../Core/Src/main.c:217:6:send_telemetry_data_new	24	static
../Core/Src/main.c:241:5:main	16	static
../Core/Src/main.c:328:6:SystemClock_Config	88	static
../Core/Src/main.c:374:13:MX_ADC1_Init	56	static
../Core/Src/main.c:443:13:MX_I2C1_Init	8	static
../Core/Src/main.c:477:13:MX_TIM1_Init	96	static
../Core/Src/main.c:564:13:MX_TIM2_Init	32	static
../Core/Src/main.c:609:13:MX_USART1_UART_Init	8	static
../Core/Src/main.c:640:13:MX_DMA_Init	16	static
../Core/Src/main.c:661:13:MX_GPIO_Init	48	static
../Core/Src/main.c:719:6:Error_Handler	4	static,ignoring_inline_asm
