../Core/Src/main.c:159:6:delay_us	24	static
../Core/Src/main.c:163:6:HAL_ADC_ConvCpltCallback	16	static
../Core/Src/main.c:169:6:ReadSensors	32	static
../Core/Src/main.c:212:5:line_data	40	static
../Core/Src/main.c:275:6:computePID	16	static
../Core/Src/main.c:290:6:setMotorSpeed	24	static
../Core/Src/main.c:315:6:storePrevValues	16	static
../Core/Src/main.c:321:6:detectColor	16	static
../Core/Src/main.c:345:6:HAL_UARTEx_RxEventCallback	16	static
../Core/Src/main.c:357:6:send_telemetry_data	24	static
../Core/Src/main.c:388:6:handle_received_command	72	dynamic
../Core/Src/main.c:426:6:handle_received_bluetooth_command	72	dynamic
../Core/Src/main.c:470:6:sendok	8	static
../Core/Src/main.c:473:6:sendno	8	static
../Core/Src/main.c:482:5:main	32	static
../Core/Src/main.c:610:6:SystemClock_Config	88	static
../Core/Src/main.c:656:13:MX_ADC1_Init	56	static
../Core/Src/main.c:725:13:MX_I2C1_Init	8	static
../Core/Src/main.c:759:13:MX_TIM1_Init	96	static
../Core/Src/main.c:846:13:MX_TIM2_Init	32	static
../Core/Src/main.c:891:13:MX_USART1_UART_Init	8	static
../Core/Src/main.c:922:13:MX_DMA_Init	16	static
../Core/Src/main.c:943:13:MX_GPIO_Init	48	static
../Core/Src/main.c:1001:6:Error_Handler	4	static,ignoring_inline_asm
