../Core/Src/main.c:117:6:delay_us	24	static
../Core/Src/main.c:121:6:HAL_ADC_ConvCpltCallback	16	static
../Core/Src/main.c:127:6:ReadSensors	24	static
../Core/Src/main.c:146:5:line_data	32	static
../Core/Src/main.c:164:6:computePID	24	static
../Core/Src/main.c:179:6:setMotorSpeed	24	static
../Core/Src/main.c:210:5:main	16	static
../Core/Src/main.c:294:6:SystemClock_Config	88	static
../Core/Src/main.c:340:13:MX_ADC1_Init	56	static
../Core/Src/main.c:409:13:MX_I2C1_Init	8	static
../Core/Src/main.c:443:13:MX_TIM1_Init	96	static
../Core/Src/main.c:530:13:MX_TIM2_Init	32	static
../Core/Src/main.c:575:13:MX_USART1_UART_Init	8	static
../Core/Src/main.c:606:13:MX_DMA_Init	16	static
../Core/Src/main.c:627:13:MX_GPIO_Init	48	static
../Core/Src/main.c:685:6:Error_Handler	4	static,ignoring_inline_asm
