../Core/Src/main.c:172:6:delay_us	24	static
../Core/Src/main.c:176:6:HAL_ADC_ConvCpltCallback	16	static
../Core/Src/main.c:182:6:ReadSensors	32	static
../Core/Src/main.c:225:5:line_data	40	static
../Core/Src/main.c:305:6:computePID	16	static
../Core/Src/main.c:320:6:setMotorSpeed	24	static
../Core/Src/main.c:345:6:storePrevValues	16	static
../Core/Src/main.c:351:6:detectColor	16	static
../Core/Src/main.c:375:6:HAL_UARTEx_RxEventCallback	16	static
../Core/Src/main.c:387:6:send_telemetry_data	24	static
../Core/Src/main.c:418:6:handle_received_command	72	dynamic
../Core/Src/main.c:456:6:handle_received_bluetooth_command	72	dynamic
../Core/Src/main.c:515:6:sendok	8	static
../Core/Src/main.c:518:6:sendno	8	static
../Core/Src/main.c:521:6:sendconstants	136	static
../Core/Src/main.c:535:6:sendSensorValues	152	static
../Core/Src/main.c:558:5:main	32	static
../Core/Src/main.c:688:6:SystemClock_Config	88	static
../Core/Src/main.c:734:13:MX_ADC1_Init	56	static
../Core/Src/main.c:803:13:MX_I2C1_Init	8	static
../Core/Src/main.c:837:13:MX_TIM1_Init	96	static
../Core/Src/main.c:924:13:MX_TIM2_Init	32	static
../Core/Src/main.c:969:13:MX_USART1_UART_Init	8	static
../Core/Src/main.c:1000:13:MX_DMA_Init	16	static
../Core/Src/main.c:1021:13:MX_GPIO_Init	48	static
../Core/Src/main.c:1079:6:Error_Handler	4	static,ignoring_inline_asm
