../Core/Src/main.c:97:6:delay_us	24	static
../Core/Src/main.c:101:6:HAL_ADC_ConvCpltCallback	16	static
../Core/Src/main.c:107:6:ReadSensors	24	static
../Core/Src/main.c:143:5:main	16	static
../Core/Src/main.c:196:6:SystemClock_Config	88	static
../Core/Src/main.c:242:13:MX_ADC1_Init	56	static
../Core/Src/main.c:311:13:MX_I2C1_Init	8	static
../Core/Src/main.c:345:13:MX_TIM1_Init	96	static
../Core/Src/main.c:432:13:MX_TIM2_Init	32	static
../Core/Src/main.c:477:13:MX_USART1_UART_Init	8	static
../Core/Src/main.c:508:13:MX_DMA_Init	16	static
../Core/Src/main.c:529:13:MX_GPIO_Init	48	static
../Core/Src/main.c:587:6:Error_Handler	4	static,ignoring_inline_asm
