../Core/Src/main.c:126:6:delay_us	24	static
../Core/Src/main.c:130:6:HAL_ADC_ConvCpltCallback	16	static
../Core/Src/main.c:136:6:ReadSensors	24	static
../Core/Src/main.c:155:5:line_data	32	static
../Core/Src/main.c:173:6:computePID	24	static
../Core/Src/main.c:188:6:setMotorSpeed	24	static
../Core/Src/main.c:213:6:send_telemetry_data_new	24	static
../Core/Src/main.c:237:5:main	16	static
../Core/Src/main.c:325:6:SystemClock_Config	88	static
../Core/Src/main.c:371:13:MX_ADC1_Init	56	static
../Core/Src/main.c:440:13:MX_I2C1_Init	8	static
../Core/Src/main.c:474:13:MX_TIM1_Init	96	static
../Core/Src/main.c:561:13:MX_TIM2_Init	32	static
../Core/Src/main.c:606:13:MX_USART1_UART_Init	8	static
../Core/Src/main.c:637:13:MX_DMA_Init	16	static
../Core/Src/main.c:658:13:MX_GPIO_Init	48	static
../Core/Src/main.c:716:6:Error_Handler	4	static,ignoring_inline_asm
