../Core/Src/main.c:157:6:delay_us	24	static
../Core/Src/main.c:161:6:HAL_ADC_ConvCpltCallback	16	static
../Core/Src/main.c:167:6:ReadSensors	32	static
../Core/Src/main.c:210:5:line_data	40	static
../Core/Src/main.c:273:6:computePID	16	static
../Core/Src/main.c:288:6:setMotorSpeed	24	static
../Core/Src/main.c:313:6:storePrevValues	16	static
../Core/Src/main.c:319:6:detectColor	16	static
../Core/Src/main.c:343:6:HAL_UARTEx_RxEventCallback	16	static
../Core/Src/main.c:354:6:send_telemetry_data	24	static
../Core/Src/main.c:385:6:handle_received_command	72	dynamic
../Core/Src/main.c:430:5:main	40	static
../Core/Src/main.c:558:6:SystemClock_Config	88	static
../Core/Src/main.c:604:13:MX_ADC1_Init	56	static
../Core/Src/main.c:673:13:MX_I2C1_Init	8	static
../Core/Src/main.c:707:13:MX_TIM1_Init	96	static
../Core/Src/main.c:794:13:MX_TIM2_Init	32	static
../Core/Src/main.c:839:13:MX_USART1_UART_Init	8	static
../Core/Src/main.c:870:13:MX_DMA_Init	16	static
../Core/Src/main.c:891:13:MX_GPIO_Init	48	static
../Core/Src/main.c:949:6:Error_Handler	4	static,ignoring_inline_asm
